../Core/Src/main.c:284:6:OnUSBRx	16	static
../Core/Src/main.c:781:5:PutByteOnTxESP01	0	static
../Core/Src/main.c:810:6:GetESP01dbg	0	static
../Core/Src/main.c:777:6:CHENState	0	static
../Core/Src/main.c:251:6:HAL_TIM_PeriodElapsedCallback	0	static
../Core/Src/main.c:262:6:HAL_ADC_ConvCpltCallback	0	static
../Core/Src/main.c:275:6:HAL_UART_RxCpltCallback	8	static
../Core/Src/main.c:292:6:DecodeHeader	36	static
../Core/Src/main.c:551:6:PutBufOnTx	12	static
../Core/Src/main.c:560:6:PutByteOnTx	8	static
../Core/Src/main.c:565:6:PutHeaderOnTx	12	static
../Core/Src/main.c:583:6:CalcAndPutCksOnTx	16	static
../Core/Src/main.c:600:6:PutStrOnTx	16	static
../Core/Src/main.c:366:6:DecodeCMD	16	static
../Core/Src/main.c:790:6:GetESP01StateChange	8	static
../Core/Src/main.c:610:9:GetByteFromRx	8	static
../Core/Src/main.c:622:6:TransmitUSB	24	static
../Core/Src/main.c:653:6:TransmitUSART	8	static
../Core/Src/main.c:676:6:hearbeatTask	16	static
../Core/Src/main.c:694:6:PWM_init	8	static
../Core/Src/main.c:710:6:On10ms	8	static
../Core/Src/main.c:735:6:On5s	8	static
../Core/Src/main.c:834:6:MotorControl	8	static
../Core/Src/main.c:663:6:setMode	0	static
../Core/Src/main.c:862:6:findLine	64	static
../Core/Src/main.c:904:6:correctionPID	16	static
../Core/Src/main.c:950:6:analogToDigital	24	static
../Core/Src/main.c:1115:6:position_calculation	24	static
../Core/Src/main.c:817:6:RobotWorkout	8	static
../Core/Src/main.c:1137:6:updateDataQT	16	static
../Core/Src/main.c:1375:6:SystemClock_Config	88	static,ignoring_inline_asm
../Core/Src/main.c:1219:5:main	88	static,ignoring_inline_asm
../Core/Src/main.c:1779:6:Error_Handler	0	static,ignoring_inline_asm
