../Core/Src/sh1106.c:8:6:sh1106_Reset	0	static
../Core/Src/sh1106.c:13:6:sh1106_WriteCommand	32	static
../Core/Src/sh1106.c:18:6:sh1106_WriteData	24	static
../Core/Src/sh1106.c:63:16:sh1106_FillBuffer	8	static
../Core/Src/sh1106.c:175:6:sh1106_Fill	0	static
../Core/Src/sh1106.c:184:6:sh1106_UpdateScreen	16	static
../Core/Src/sh1106.c:205:6:sh1106_DrawPixel	12	static
../Core/Src/sh1106.c:225:6:sh1106_WriteChar	64	static
../Core/Src/sh1106.c:260:6:sh1106_WriteString	24	static
../Core/Src/sh1106.c:274:6:sh1106_SetCursor	0	static
../Core/Src/sh1106.c:280:6:sh1106_Line	48	static
../Core/Src/sh1106.c:307:6:sh1106_Polyline	32	static
../Core/Src/sh1106.c:342:6:sh1106_DrawArc	88	static
../Core/Src/sh1106.c:382:6:sh1106_DrawArcWithRadiusLine	80	static
../Core/Src/sh1106.c:425:6:sh1106_DrawCircle	48	static
../Core/Src/sh1106.c:460:6:sh1106_FillCircle	48	static
../Core/Src/sh1106.c:496:6:sh1106_DrawRectangle	32	static
../Core/Src/sh1106.c:506:6:sh1106_FillRectangle	24	static
../Core/Src/sh1106.c:521:6:sh1106_DrawBitmap	48	static
../Core/Src/sh1106.c:545:6:sh1106_SetContrast	8	static
../Core/Src/sh1106.c:551:6:sh1106_SetDisplayOn	0	static
../Core/Src/sh1106.c:73:6:sh1106_Init	8	static
../Core/Src/sh1106.c:563:9:sh1106_GetDisplayOn	0	static
